// Jest Snapshot v1, https://goo.gl/fbAQLP

exports[`Settings snapshot test renders correctly with shallowRender 1`] = `
<div>
  <button
    aria-label="Settings"
    className="settings-button"
    onClick={[Function]}
    type="button"
  >
    <i
      aria-hidden="true"
      className="fa fa-cog"
    />
  </button>
  <div
    className="sidebar "
  >
    skymap
    <div
      className="checkbox"
    >
      <label
        className="selectable"
      >
        <input
          defaultChecked={true}
          onChange={[Function]}
          type="checkbox"
          value=""
        />
         Ecliptic plane
      </label>
    </div>
    <div
      className="checkbox"
    >
      <label
        className="selectable"
      >
        <input
          defaultChecked={true}
          onChange={[Function]}
          type="checkbox"
          value=""
        />
         Galactic plane
      </label>
    </div>
    <div
      className="checkbox"
    >
      <label
        className="selectable"
      >
        <input
          defaultChecked={true}
          onChange={[Function]}
          type="checkbox"
          value=""
        />
         Elevation limit
      </label>
    </div>
    <div
      className="checkbox"
    >
      <label
        className="selectable"
      >
        <input
          defaultChecked={true}
          onChange={[Function]}
          type="checkbox"
          value=""
        />
         Moon
      </label>
    </div>
    <label>
      Projection:
      <select
        className="selectpicker"
        defaultValue="aitoff"
        onChange={[Function]}
      >
        <option>
          aitoff
        </option>
        <option>
          armadillo
        </option>
        <option>
          boggs
        </option>
        <option>
          bromley
        </option>
        <option>
          collignon
        </option>
        <option>
          craster
        </option>
        <option>
          cylindricalEqualArea
        </option>
        <option>
          eckert1
        </option>
        <option>
          eckert2
        </option>
        <option>
          eckert3
        </option>
        <option>
          eckert4
        </option>
        <option>
          eckert5
        </option>
        <option>
          eckert6
        </option>
        <option>
          eisenlohr
        </option>
        <option>
          equirectangular
        </option>
        <option>
          foucaut
        </option>
        <option>
          hammer
        </option>
        <option>
          hatano
        </option>
        <option>
          homolosine
        </option>
        <option>
          mollweide
        </option>
        <option>
          mtFlatPolarParabolic
        </option>
        <option>
          nellHammer
        </option>
        <option>
          robinson
        </option>
        <option>
          sinusoidal
        </option>
        <option>
          wagner4
        </option>
        <option>
          wagner6
        </option>
      </select>
    </label>
  </div>
</div>
`;
