// Jest Snapshot v1, https://goo.gl/fbAQLP

exports[`M1M3_Test renders correctly 1`] = `
<div
  className="mirror-container"
>
  <svg
    className="svg-container"
    height="250px"
    width="250px"
  >
    <circle
      className="circle-overlay"
      cx={30}
      cy={30}
      fill="#04070a"
      id="background-circle-m3"
      pointerEvents="all"
      r={0}
    />
    <g
      className="scatter"
      id="scatter-m3"
    />
    <circle
      cx={30}
      cy={30}
      fill="none"
      id="circle-overlay-m3"
      pointerEvents="all"
      r={0}
    />
  </svg>
</div>
`;
