// Jest Snapshot v1, https://goo.gl/fbAQLP

exports[`TimeWindow_Test renders correctly without shallowRender 1`] = `
<div
  className="time-window"
>
  <div>
    <h6>
      Time window
    </h6>
  </div>
  <label
    className="time-window-selection-label"
    htmlFor="10s"
  >
    <input
      checked={true}
      className="time-window-selection-input"
      id="10s"
      name="field"
      onChange={[Function]}
      type="radio"
      value={10}
    />
    <span
      className="time-window-selection-span"
    >
      10s
    </span>
  </label>
  <label
    className="time-window-selection-label"
    htmlFor="1min"
  >
    <input
      checked={false}
      className="time-window-selection-input"
      id="1min"
      name="field"
      onChange={[Function]}
      type="radio"
      value={60}
    />
    <span
      className="time-window-selection-span"
    >
      1min
    </span>
  </label>
  <label
    className="time-window-selection-label"
    htmlFor="10min"
  >
    <input
      checked={false}
      className="time-window-selection-input"
      id="10min"
      name="field"
      onChange={[Function]}
      type="radio"
      value={600}
    />
    <span
      className="time-window-selection-span"
    >
      10min
    </span>
  </label>
  <label
    className="time-window-selection-label"
    htmlFor="1d"
  >
    <input
      checked={false}
      className="time-window-selection-input"
      id="1d"
      name="field"
      onChange={[Function]}
      type="radio"
      value={86400}
    />
    <span
      className="time-window-selection-span"
    >
      1d
    </span>
  </label>
  <label
    className="time-window-selection-label"
    htmlFor="10d"
  >
    <input
      checked={false}
      className="time-window-selection-input"
      id="10d"
      name="field"
      onChange={[Function]}
      type="radio"
      value={864000}
    />
    <span
      className="time-window-selection-span"
    >
      10d
    </span>
  </label>
  <label
    className="time-window-selection-label"
    htmlFor="1m"
  >
    <input
      checked={false}
      className="time-window-selection-input"
      id="1m"
      name="field"
      onChange={[Function]}
      type="radio"
      value={2592000}
    />
    <span
      className="time-window-selection-span"
    >
      1m
    </span>
  </label>
  <label
    className="time-window-selection-label"
    htmlFor="6m"
  >
    <input
      checked={false}
      className="time-window-selection-input"
      id="6m"
      name="field"
      onChange={[Function]}
      type="radio"
      value={15552000}
    />
    <span
      className="time-window-selection-span"
    >
      6m
    </span>
  </label>
  <label
    className="time-window-selection-label"
    htmlFor="1y"
  >
    <input
      checked={false}
      className="time-window-selection-input"
      id="1y"
      name="field"
      onChange={[Function]}
      type="radio"
      value={31104000}
    />
    <span
      className="time-window-selection-span"
    >
      1y
    </span>
  </label>
  <label
    className="time-window-selection-label"
    htmlFor="Max"
  >
    <input
      checked={false}
      className="time-window-selection-input"
      id="Max"
      name="field"
      onChange={[Function]}
      type="radio"
      value={Infinity}
    />
    <span
      className="time-window-selection-span"
    >
      Max
    </span>
  </label>
</div>
`;
