// Jest Snapshot v1, https://goo.gl/fbAQLP

exports[`DomePerspectives test renders correctly  without shallow 1`] = `
<div
  className="dome-perspectives-container"
>
  <div
    className="row"
  >
    <div
      className="col-6"
    >
      <h5>
        Front
      </h5>
      <div
        className="shutters-container"
      >
        <svg
          className="svg-container"
          height={300}
          width={500}
        >
          <rect
            className="windscreen"
            height={0}
            id="top-screen"
            opacity={0.99}
            stroke="rgb(0,0,0)"
            strokeWidth={2}
            width={125}
            x={187.5}
            y={-0}
          />
          <rect
            className="windscreen"
            height={166.66666666666666}
            id="bottom-screen"
            opacity={0.99}
            stroke="rgb(0,0,0)"
            strokeWidth={2}
            width={125}
            x={187.5}
            y={0}
          />
          <rect
            className="shutter"
            height={167.5977653631285}
            id="left-shutter"
            opacity={0.99}
            stroke="rgb(0,0,0)"
            strokeWidth={2}
            width={62.5}
            x={187.5}
            y={0}
          />
          <rect
            className="shutter"
            height={167.5977653631285}
            id="right-shutter"
            opacity={0.99}
            stroke="rgb(0,0,0)"
            strokeWidth={2}
            width={62.5}
            x={250}
            y={0}
          />
        </svg>
      </div>
    </div>
    <div
      className="col-6"
    >
      <h5>
        Side
      </h5>
      <div
        className="shutters-container-sideview"
      >
        <svg
          className="svg-container-sideview"
          height={300}
          width={500}
        >
          <image
            height={300}
            id="dome-background"
            opacity={1}
            width={500}
            x={0}
            xlinkHref="/img/dome_side.png"
            y={0}
          />
          <path
            className="windscreen-sideview"
            d="M 310 255 M 80.01766040736467 193.37641783273324 A 238.09523809523807 238.09523809523807 0 0 1 256.44022515622254 23.00712743208689 M 310 255"
            id="bottom-windscreen-sideview"
            strokeDasharray="257.64384196106766 257.64384196106766"
            strokeDashoffset={229.01674840983793}
          />
          <path
            className="windscreen-sideview"
            d="M 310 255 M 80.01766040736467 193.37641783273324 A 238.09523809523807 238.09523809523807 0 0 1 256.44022515622254 23.00712743208689 M 310 255"
            id="top-windscreen-sideview"
            strokeDasharray="257.64384196106766 257.64384196106766"
            strokeDashoffset={-199.6118770808304}
          />
        </svg>
      </div>
                          
    </div>
  </div>
  <div
    className="row dome-perspectives-bottom"
  >
    <div
      className="col-8"
    >
      <h5>
        Top
      </h5>
      <div
        className="louvers-container"
      >
        <svg
          className="svg-container"
          height={500}
          width={500}
        >
          <image
            height={250}
            id="dome-background"
            opacity={1}
            width={250}
            x={125}
            xlinkHref="/img/dome_top.png"
            y={125}
          />
          <g
            className=""
          >
            <rect
              className="louver working"
              fillOpacity={0}
              height={50}
              onMouseOver={[Function]}
              transform="rotate(-115 183.85383873058447 108.14909939259704)"
              width={5}
              x={181.35383873058447}
              y={83.14909939259704}
            />
            <rect
              className="louver working"
              fillOpacity={0}
              height={50}
              onMouseOver={[Function]}
              transform="rotate(-115 180.89551089839958 101.80494488334048)"
              width={5}
              x={178.39551089839958}
              y={76.80494488334048}
            />
            <rect
              fill="blue"
              fillOpacity={0}
              height={50}
              onMouseOut={[Function]}
              onMouseOver={[Function]}
              transform="rotate(-115 183.85383873058447 108.14909939259704)"
              width={12}
              x={181.35383873058447}
              y={83.14909939259704}
            />
          </g>
          <g
            className=""
          >
            <rect
              className="louver working"
              fillOpacity={0}
              height={50}
              onMouseOver={[Function]}
              transform="rotate(-115 175.29475171250263 89.794078049077)"
              width={5}
              x={172.79475171250263}
              y={64.794078049077}
            />
            <rect
              className="louver working"
              fillOpacity={0}
              height={50}
              onMouseOver={[Function]}
              transform="rotate(-115 172.33642388031774 83.44992353982045)"
              width={5}
              x={169.83642388031774}
              y={58.449923539820446}
            />
            <rect
              className="louver working"
              fillOpacity={0}
              height={50}
              onMouseOver={[Function]}
              transform="rotate(-115 169.37809604813285 77.1057690305639)"
              width={5}
              x={166.87809604813285}
              y={52.105769030563906}
            />
            <rect
              fill="blue"
              fillOpacity={0}
              height={50}
              onMouseOut={[Function]}
              onMouseOver={[Function]}
              transform="rotate(-115 175.29475171250263 89.794078049077)"
              width={19}
              x={172.79475171250263}
              y={64.794078049077}
            />
          </g>
          <g
            className=""
          >
            <rect
              className="louver working"
              fillOpacity={0}
              height={50}
              onMouseOver={[Function]}
              transform="rotate(-115 164.6225733857173 66.90751777037372)"
              width={5}
              x={162.1225733857173}
              y={41.907517770373715}
            />
            <rect
              className="louver working"
              fillOpacity={0}
              height={50}
              onMouseOver={[Function]}
              transform="rotate(-115 161.6642455535324 60.56336326111717)"
              width={5}
              x={159.1642455535324}
              y={35.56336326111717}
            />
            <rect
              className="louver working"
              fillOpacity={0}
              height={50}
              onMouseOver={[Function]}
              transform="rotate(-115 158.7059177213475 54.21920875186061)"
              width={5}
              x={156.2059177213475}
              y={29.219208751860613}
            />
            <rect
              fill="blue"
              fillOpacity={0}
              height={50}
              onMouseOut={[Function]}
              onMouseOver={[Function]}
              transform="rotate(-115 164.6225733857173 66.90751777037372)"
              width={19}
              x={162.1225733857173}
              y={41.907517770373715}
            />
          </g>
          <g
            className=""
          >
            <rect
              className="louver working"
              fillOpacity={0}
              height={50}
              onMouseOver={[Function]}
              transform="rotate(-90 250 98.48484848484847)"
              width={5}
              x={247.5}
              y={73.48484848484847}
            />
            <rect
              className="louver working"
              fillOpacity={0}
              height={50}
              onMouseOver={[Function]}
              transform="rotate(-90 250 91.48484848484847)"
              width={5}
              x={247.5}
              y={66.48484848484847}
            />
            <rect
              className="louver working"
              fillOpacity={0}
              height={50}
              onMouseOver={[Function]}
              transform="rotate(-90 250 84.48484848484847)"
              width={5}
              x={247.5}
              y={59.48484848484847}
            />
            <rect
              fill="blue"
              fillOpacity={0}
              height={50}
              onMouseOut={[Function]}
              onMouseOver={[Function]}
              transform="rotate(-90 250 98.48484848484847)"
              width={19}
              x={247.5}
              y={73.48484848484847}
            />
          </g>
          <g
            className=""
          >
            <rect
              className="louver working"
              fillOpacity={0}
              height={50}
              onMouseOver={[Function]}
              transform="rotate(-90 250 73.23232323232321)"
              width={5}
              x={247.5}
              y={48.23232323232321}
            />
            <rect
              className="louver working"
              fillOpacity={0}
              height={50}
              onMouseOver={[Function]}
              transform="rotate(-90 250 66.23232323232321)"
              width={5}
              x={247.5}
              y={41.23232323232321}
            />
            <rect
              className="louver working"
              fillOpacity={0}
              height={50}
              onMouseOver={[Function]}
              transform="rotate(-90 250 59.23232323232321)"
              width={5}
              x={247.5}
              y={34.23232323232321}
            />
            <rect
              fill="blue"
              fillOpacity={0}
              height={50}
              onMouseOut={[Function]}
              onMouseOver={[Function]}
              transform="rotate(-90 250 73.23232323232321)"
              width={19}
              x={247.5}
              y={48.23232323232321}
            />
          </g>
          <g
            className=""
          >
            <rect
              className="louver working"
              fillOpacity={0}
              height={50}
              onMouseOver={[Function]}
              transform="rotate(-90 250 47.97979797979795)"
              width={5}
              x={247.5}
              y={22.97979797979795}
            />
            <rect
              className="louver working"
              fillOpacity={0}
              height={50}
              onMouseOver={[Function]}
              transform="rotate(-90 250 40.97979797979795)"
              width={5}
              x={247.5}
              y={15.97979797979795}
            />
            <rect
              className="louver working"
              fillOpacity={0}
              height={50}
              onMouseOver={[Function]}
              transform="rotate(-90 250 33.97979797979795)"
              width={5}
              x={247.5}
              y={8.97979797979795}
            />
            <rect
              fill="blue"
              fillOpacity={0}
              height={50}
              onMouseOut={[Function]}
              onMouseOver={[Function]}
              transform="rotate(-90 250 47.97979797979795)"
              width={19}
              x={247.5}
              y={22.97979797979795}
            />
          </g>
          <g
            className=""
          >
            <rect
              className="louver working"
              fillOpacity={0}
              height={50}
              onMouseOver={[Function]}
              transform="rotate(-65 314.03306996071206 112.68063832778029)"
              width={5}
              x={311.53306996071206}
              y={87.68063832778029}
            />
            <rect
              className="louver working"
              fillOpacity={0}
              height={50}
              onMouseOver={[Function]}
              transform="rotate(-65 316.991397792897 106.33648381852373)"
              width={5}
              x={314.491397792897}
              y={81.33648381852373}
            />
            <rect
              className="louver working"
              fillOpacity={0}
              height={50}
              onMouseOver={[Function]}
              transform="rotate(-65 319.94972562508184 99.99232930926719)"
              width={5}
              x={317.44972562508184}
              y={74.99232930926719}
            />
            <rect
              fill="blue"
              fillOpacity={0}
              height={50}
              onMouseOut={[Function]}
              onMouseOver={[Function]}
              transform="rotate(-65 314.03306996071206 112.68063832778029)"
              width={19}
              x={311.53306996071206}
              y={87.68063832778029}
            />
          </g>
          <g
            className=""
          >
            <rect
              className="louver working"
              fillOpacity={0}
              height={50}
              onMouseOver={[Function]}
              transform="rotate(-65 324.7052482874974 89.794078049077)"
              width={5}
              x={322.2052482874974}
              y={64.794078049077}
            />
            <rect
              className="louver working"
              fillOpacity={0}
              height={50}
              onMouseOver={[Function]}
              transform="rotate(-65 327.6635761196823 83.44992353982045)"
              width={5}
              x={325.1635761196823}
              y={58.449923539820446}
            />
            <rect
              className="louver working"
              fillOpacity={0}
              height={50}
              onMouseOver={[Function]}
              transform="rotate(-65 330.6219039518672 77.1057690305639)"
              width={5}
              x={328.1219039518672}
              y={52.105769030563906}
            />
            <rect
              fill="blue"
              fillOpacity={0}
              height={50}
              onMouseOut={[Function]}
              onMouseOver={[Function]}
              transform="rotate(-65 324.7052482874974 89.794078049077)"
              width={19}
              x={322.2052482874974}
              y={64.794078049077}
            />
          </g>
          <g
            className=""
          >
            <rect
              className="louver working"
              fillOpacity={0}
              height={50}
              onMouseOver={[Function]}
              transform="rotate(-65 335.37742661428274 66.90751777037372)"
              width={5}
              x={332.87742661428274}
              y={41.907517770373715}
            />
            <rect
              className="louver working"
              fillOpacity={0}
              height={50}
              onMouseOver={[Function]}
              transform="rotate(-65 338.33575444646766 60.56336326111717)"
              width={5}
              x={335.83575444646766}
              y={35.56336326111717}
            />
            <rect
              className="louver working"
              fillOpacity={0}
              height={50}
              onMouseOver={[Function]}
              transform="rotate(-65 341.2940822786525 54.21920875186062)"
              width={5}
              x={338.7940822786525}
              y={29.21920875186062}
            />
            <rect
              fill="blue"
              fillOpacity={0}
              height={50}
              onMouseOut={[Function]}
              onMouseOver={[Function]}
              transform="rotate(-65 335.37742661428274 66.90751777037372)"
              width={19}
              x={332.87742661428274}
              y={41.907517770373715}
            />
          </g>
          <g
            className=""
          >
            <rect
              className="louver working"
              fillOpacity={0}
              height={50}
              onMouseOver={[Function]}
              transform="rotate(-40 369.89756208210673 149.39399987784924)"
              width={5}
              x={367.39756208210673}
              y={124.39399987784924}
            />
            <rect
              className="louver working"
              fillOpacity={0}
              height={50}
              onMouseOver={[Function]}
              transform="rotate(-40 375.2598731839396 144.89448661004346)"
              width={5}
              x={372.7598731839396}
              y={119.89448661004346}
            />
            <rect
              fill="blue"
              fillOpacity={0}
              height={50}
              onMouseOut={[Function]}
              onMouseOver={[Function]}
              transform="rotate(-40 369.89756208210673 149.39399987784924)"
              width={12}
              x={367.39756208210673}
              y={124.39399987784924}
            />
          </g>
          <g
            className=""
          >
            <rect
              className="louver working"
              fillOpacity={0}
              height={50}
              onMouseOver={[Function]}
              transform="rotate(-40 385.4118965109305 136.37592758066222)"
              width={5}
              x={382.9118965109305}
              y={111.37592758066222}
            />
            <rect
              className="louver working"
              fillOpacity={0}
              height={50}
              onMouseOver={[Function]}
              transform="rotate(-40 390.77420761276335 131.87641431285644)"
              width={5}
              x={388.27420761276335}
              y={106.87641431285644}
            />
            <rect
              className="louver working"
              fillOpacity={0}
              height={50}
              onMouseOver={[Function]}
              transform="rotate(-40 396.1365187145962 127.37690104505067)"
              width={5}
              x={393.6365187145962}
              y={102.37690104505067}
            />
            <rect
              fill="blue"
              fillOpacity={0}
              height={50}
              onMouseOut={[Function]}
              onMouseOver={[Function]}
              transform="rotate(-40 385.4118965109305 136.37592758066222)"
              width={19}
              x={382.9118965109305}
              y={111.37592758066222}
            />
          </g>
          <g
            className=""
          >
            <rect
              className="louver working"
              fillOpacity={0}
              height={50}
              onMouseOver={[Function]}
              transform="rotate(-40 404.75645315534916 120.14391723504255)"
              width={5}
              x={402.25645315534916}
              y={95.14391723504255}
            />
            <rect
              className="louver working"
              fillOpacity={0}
              height={50}
              onMouseOver={[Function]}
              transform="rotate(-40 410.118764257182 115.64440396723677)"
              width={5}
              x={407.618764257182}
              y={90.64440396723677}
            />
            <rect
              className="louver working"
              fillOpacity={0}
              height={50}
              onMouseOver={[Function]}
              transform="rotate(-40 415.4810753590149 111.144890699431)"
              width={5}
              x={412.9810753590149}
              y={86.144890699431}
            />
            <rect
              fill="blue"
              fillOpacity={0}
              height={50}
              onMouseOut={[Function]}
              onMouseOver={[Function]}
              transform="rotate(-40 404.75645315534916 120.14391723504255)"
              width={19}
              x={402.25645315534916}
              y={95.14391723504255}
            />
          </g>
          <g
            className=""
          >
            <rect
              className="louver working"
              fillOpacity={0}
              height={50}
              onMouseOver={[Function]}
              transform="rotate(40 369.89756208210673 350.60600012215076)"
              width={5}
              x={367.39756208210673}
              y={325.60600012215076}
            />
            <rect
              className="louver working"
              fillOpacity={0}
              height={50}
              onMouseOver={[Function]}
              transform="rotate(40 375.2598731839396 355.1055133899565)"
              width={5}
              x={372.7598731839396}
              y={330.1055133899565}
            />
            <rect
              fill="blue"
              fillOpacity={0}
              height={50}
              onMouseOut={[Function]}
              onMouseOver={[Function]}
              transform="rotate(40 369.89756208210673 350.60600012215076)"
              width={12}
              x={367.39756208210673}
              y={325.60600012215076}
            />
          </g>
          <g
            className=""
          >
            <rect
              className="louver working"
              fillOpacity={0}
              height={50}
              onMouseOver={[Function]}
              transform="rotate(40 385.41189651093043 363.6240724193378)"
              width={5}
              x={382.91189651093043}
              y={338.6240724193378}
            />
            <rect
              className="louver working"
              fillOpacity={0}
              height={50}
              onMouseOver={[Function]}
              transform="rotate(40 390.7742076127633 368.12358568714353)"
              width={5}
              x={388.2742076127633}
              y={343.12358568714353}
            />
            <rect
              className="louver working"
              fillOpacity={0}
              height={50}
              onMouseOver={[Function]}
              transform="rotate(40 396.13651871459615 372.62309895494934)"
              width={5}
              x={393.63651871459615}
              y={347.62309895494934}
            />
            <rect
              fill="blue"
              fillOpacity={0}
              height={50}
              onMouseOut={[Function]}
              onMouseOver={[Function]}
              transform="rotate(40 385.41189651093043 363.6240724193378)"
              width={19}
              x={382.91189651093043}
              y={338.6240724193378}
            />
          </g>
          <g
            className=""
          >
            <rect
              className="louver working"
              fillOpacity={0}
              height={50}
              onMouseOver={[Function]}
              transform="rotate(40 404.7564531553491 379.8560827649575)"
              width={5}
              x={402.2564531553491}
              y={354.8560827649575}
            />
            <rect
              className="louver working"
              fillOpacity={0}
              height={50}
              onMouseOver={[Function]}
              transform="rotate(40 410.11876425718197 384.35559603276323)"
              width={5}
              x={407.61876425718197}
              y={359.35559603276323}
            />
            <rect
              className="louver working"
              fillOpacity={0}
              height={50}
              onMouseOver={[Function]}
              transform="rotate(40 415.4810753590148 388.85510930056904)"
              width={5}
              x={412.9810753590148}
              y={363.85510930056904}
            />
            <rect
              fill="blue"
              fillOpacity={0}
              height={50}
              onMouseOut={[Function]}
              onMouseOver={[Function]}
              transform="rotate(40 404.7564531553491 379.8560827649575)"
              width={19}
              x={402.2564531553491}
              y={354.8560827649575}
            />
          </g>
          <g
            className=""
          >
            <rect
              className="louver working"
              fillOpacity={0}
              height={50}
              onMouseOver={[Function]}
              transform="rotate(65 314.03306996071206 387.3193616722197)"
              width={5}
              x={311.53306996071206}
              y={362.3193616722197}
            />
            <rect
              className="louver working"
              fillOpacity={0}
              height={50}
              onMouseOver={[Function]}
              transform="rotate(65 316.991397792897 393.66351618147627)"
              width={5}
              x={314.491397792897}
              y={368.66351618147627}
            />
            <rect
              className="louver working"
              fillOpacity={0}
              height={50}
              onMouseOver={[Function]}
              transform="rotate(65 319.94972562508184 400.0076706907328)"
              width={5}
              x={317.44972562508184}
              y={375.0076706907328}
            />
            <rect
              fill="blue"
              fillOpacity={0}
              height={50}
              onMouseOut={[Function]}
              onMouseOver={[Function]}
              transform="rotate(65 314.03306996071206 387.3193616722197)"
              width={19}
              x={311.53306996071206}
              y={362.3193616722197}
            />
          </g>
          <g
            className=""
          >
            <rect
              className="louver working"
              fillOpacity={0}
              height={50}
              onMouseOver={[Function]}
              transform="rotate(65 324.7052482874974 410.20592195092297)"
              width={5}
              x={322.2052482874974}
              y={385.20592195092297}
            />
            <rect
              className="louver working"
              fillOpacity={0}
              height={50}
              onMouseOver={[Function]}
              transform="rotate(65 327.6635761196823 416.5500764601795)"
              width={5}
              x={325.1635761196823}
              y={391.5500764601795}
            />
            <rect
              className="louver working"
              fillOpacity={0}
              height={50}
              onMouseOver={[Function]}
              transform="rotate(65 330.6219039518672 422.8942309694361)"
              width={5}
              x={328.1219039518672}
              y={397.8942309694361}
            />
            <rect
              fill="blue"
              fillOpacity={0}
              height={50}
              onMouseOut={[Function]}
              onMouseOver={[Function]}
              transform="rotate(65 324.7052482874974 410.20592195092297)"
              width={19}
              x={322.2052482874974}
              y={385.20592195092297}
            />
          </g>
          <g
            className=""
          >
            <rect
              className="louver working"
              fillOpacity={0}
              height={50}
              onMouseOver={[Function]}
              transform="rotate(65 335.37742661428274 433.0924822296263)"
              width={5}
              x={332.87742661428274}
              y={408.0924822296263}
            />
            <rect
              className="louver working"
              fillOpacity={0}
              height={50}
              onMouseOver={[Function]}
              transform="rotate(65 338.33575444646766 439.43663673888284)"
              width={5}
              x={335.83575444646766}
              y={414.43663673888284}
            />
            <rect
              className="louver working"
              fillOpacity={0}
              height={50}
              onMouseOver={[Function]}
              transform="rotate(65 341.2940822786525 445.7807912481394)"
              width={5}
              x={338.7940822786525}
              y={420.7807912481394}
            />
            <rect
              fill="blue"
              fillOpacity={0}
              height={50}
              onMouseOut={[Function]}
              onMouseOver={[Function]}
              transform="rotate(65 335.37742661428274 433.0924822296263)"
              width={19}
              x={332.87742661428274}
              y={408.0924822296263}
            />
          </g>
          <g
            className=""
          >
            <rect
              className="louver working"
              fillOpacity={0}
              height={50}
              onMouseOver={[Function]}
              transform="rotate(90 250 401.5151515151515)"
              width={5}
              x={247.5}
              y={376.5151515151515}
            />
            <rect
              className="louver working"
              fillOpacity={0}
              height={50}
              onMouseOver={[Function]}
              transform="rotate(90 250 408.5151515151515)"
              width={5}
              x={247.5}
              y={383.5151515151515}
            />
            <rect
              className="louver working"
              fillOpacity={0}
              height={50}
              onMouseOver={[Function]}
              transform="rotate(90 250 415.5151515151515)"
              width={5}
              x={247.5}
              y={390.5151515151515}
            />
            <rect
              fill="blue"
              fillOpacity={0}
              height={50}
              onMouseOut={[Function]}
              onMouseOver={[Function]}
              transform="rotate(90 250 401.5151515151515)"
              width={19}
              x={247.5}
              y={376.5151515151515}
            />
          </g>
          <g
            className=""
          >
            <rect
              className="louver working"
              fillOpacity={0}
              height={50}
              onMouseOver={[Function]}
              transform="rotate(90 250 426.7676767676768)"
              width={5}
              x={247.5}
              y={401.7676767676768}
            />
            <rect
              className="louver working"
              fillOpacity={0}
              height={50}
              onMouseOver={[Function]}
              transform="rotate(90 250 433.7676767676768)"
              width={5}
              x={247.5}
              y={408.7676767676768}
            />
            <rect
              className="louver working"
              fillOpacity={0}
              height={50}
              onMouseOver={[Function]}
              transform="rotate(90 250 440.7676767676768)"
              width={5}
              x={247.5}
              y={415.7676767676768}
            />
            <rect
              fill="blue"
              fillOpacity={0}
              height={50}
              onMouseOut={[Function]}
              onMouseOver={[Function]}
              transform="rotate(90 250 426.7676767676768)"
              width={19}
              x={247.5}
              y={401.7676767676768}
            />
          </g>
          <g
            className=""
          >
            <rect
              className="louver working"
              fillOpacity={0}
              height={50}
              onMouseOver={[Function]}
              transform="rotate(90 250 452.0202020202021)"
              width={5}
              x={247.5}
              y={427.0202020202021}
            />
            <rect
              className="louver working"
              fillOpacity={0}
              height={50}
              onMouseOver={[Function]}
              transform="rotate(90 250 459.0202020202021)"
              width={5}
              x={247.5}
              y={434.0202020202021}
            />
            <rect
              className="louver working"
              fillOpacity={0}
              height={50}
              onMouseOver={[Function]}
              transform="rotate(90 250 466.0202020202021)"
              width={5}
              x={247.5}
              y={441.0202020202021}
            />
            <rect
              fill="blue"
              fillOpacity={0}
              height={50}
              onMouseOut={[Function]}
              onMouseOver={[Function]}
              transform="rotate(90 250 452.0202020202021)"
              width={19}
              x={247.5}
              y={427.0202020202021}
            />
          </g>
          <g
            className=""
          >
            <rect
              className="louver working"
              fillOpacity={0}
              height={50}
              onMouseOver={[Function]}
              transform="rotate(115 183.85383873058447 391.850900607403)"
              width={5}
              x={181.35383873058447}
              y={366.850900607403}
            />
            <rect
              className="louver working"
              fillOpacity={0}
              height={50}
              onMouseOver={[Function]}
              transform="rotate(115 180.89551089839958 398.19505511665955)"
              width={5}
              x={178.39551089839958}
              y={373.19505511665955}
            />
            <rect
              fill="blue"
              fillOpacity={0}
              height={50}
              onMouseOut={[Function]}
              onMouseOver={[Function]}
              transform="rotate(115 183.85383873058447 391.850900607403)"
              width={12}
              x={181.35383873058447}
              y={366.850900607403}
            />
          </g>
          <g
            className=""
          >
            <rect
              className="louver working"
              fillOpacity={0}
              height={50}
              onMouseOver={[Function]}
              transform="rotate(115 175.29475171250263 410.20592195092297)"
              width={5}
              x={172.79475171250263}
              y={385.20592195092297}
            />
            <rect
              className="louver working"
              fillOpacity={0}
              height={50}
              onMouseOver={[Function]}
              transform="rotate(115 172.33642388031774 416.5500764601795)"
              width={5}
              x={169.83642388031774}
              y={391.5500764601795}
            />
            <rect
              className="louver working"
              fillOpacity={0}
              height={50}
              onMouseOver={[Function]}
              transform="rotate(115 169.37809604813285 422.8942309694361)"
              width={5}
              x={166.87809604813285}
              y={397.8942309694361}
            />
            <rect
              fill="blue"
              fillOpacity={0}
              height={50}
              onMouseOut={[Function]}
              onMouseOver={[Function]}
              transform="rotate(115 175.29475171250263 410.20592195092297)"
              width={19}
              x={172.79475171250263}
              y={385.20592195092297}
            />
          </g>
          <g
            className=""
          >
            <rect
              className="louver working"
              fillOpacity={0}
              height={50}
              onMouseOver={[Function]}
              transform="rotate(115 164.6225733857173 433.0924822296263)"
              width={5}
              x={162.1225733857173}
              y={408.0924822296263}
            />
            <rect
              className="louver working"
              fillOpacity={0}
              height={50}
              onMouseOver={[Function]}
              transform="rotate(115 161.6642455535324 439.43663673888284)"
              width={5}
              x={159.1642455535324}
              y={414.43663673888284}
            />
            <rect
              className="louver working"
              fillOpacity={0}
              height={50}
              onMouseOver={[Function]}
              transform="rotate(115 158.7059177213475 445.7807912481394)"
              width={5}
              x={156.2059177213475}
              y={420.7807912481394}
            />
            <rect
              fill="blue"
              fillOpacity={0}
              height={50}
              onMouseOut={[Function]}
              onMouseOver={[Function]}
              transform="rotate(115 164.6225733857173 433.0924822296263)"
              width={19}
              x={162.1225733857173}
              y={408.0924822296263}
            />
          </g>
          <g
            className=""
          >
            <rect
              className="louver working"
              fillOpacity={0}
              height={50}
              onMouseOver={[Function]}
              transform="rotate(-135 121.47084315705129 121.47084315705126)"
              width={5}
              x={118.97084315705129}
              y={96.47084315705126}
            />
            <rect
              className="louver working"
              fillOpacity={0}
              height={50}
              onMouseOver={[Function]}
              transform="rotate(-135 116.52109568874546 116.52109568874543)"
              width={5}
              x={114.02109568874546}
              y={91.52109568874543}
            />
            <rect
              fill="blue"
              fillOpacity={0}
              height={50}
              onMouseOut={[Function]}
              onMouseOver={[Function]}
              transform="rotate(-135 121.47084315705129 121.47084315705126)"
              width={12}
              x={118.97084315705129}
              y={96.47084315705126}
            />
          </g>
          <g
            className=""
          >
            <rect
              className="louver working"
              fillOpacity={0}
              height={50}
              onMouseOver={[Function]}
              transform="rotate(-135 107.15014521483889 107.15014521483886)"
              width={5}
              x={104.65014521483889}
              y={82.15014521483886}
            />
            <rect
              className="louver working"
              fillOpacity={0}
              height={50}
              onMouseOver={[Function]}
              transform="rotate(-135 102.20039774653306 102.20039774653303)"
              width={5}
              x={99.70039774653306}
              y={77.20039774653303}
            />
            <rect
              className="louver working"
              fillOpacity={0}
              height={50}
              onMouseOver={[Function]}
              transform="rotate(-135 97.25065027822723 97.2506502782272)"
              width={5}
              x={94.75065027822723}
              y={72.2506502782272}
            />
            <rect
              fill="blue"
              fillOpacity={0}
              height={50}
              onMouseOut={[Function]}
              onMouseOver={[Function]}
              transform="rotate(-135 107.15014521483889 107.15014521483886)"
              width={19}
              x={104.65014521483889}
              y={82.15014521483886}
            />
          </g>
          <g
            className=""
          >
            <rect
              className="louver working"
              fillOpacity={0}
              height={50}
              onMouseOver={[Function]}
              transform="rotate(135 121.47084315705129 378.52915684294874)"
              width={5}
              x={118.97084315705129}
              y={353.52915684294874}
            />
            <rect
              className="louver working"
              fillOpacity={0}
              height={50}
              onMouseOver={[Function]}
              transform="rotate(135 116.52109568874546 383.47890431125455)"
              width={5}
              x={114.02109568874546}
              y={358.47890431125455}
            />
            <rect
              fill="blue"
              fillOpacity={0}
              height={50}
              onMouseOut={[Function]}
              onMouseOver={[Function]}
              transform="rotate(135 121.47084315705129 378.52915684294874)"
              width={12}
              x={118.97084315705129}
              y={353.52915684294874}
            />
          </g>
          <g
            className=""
          >
            <rect
              className="louver working"
              fillOpacity={0}
              height={50}
              onMouseOver={[Function]}
              transform="rotate(135 107.15014521483889 392.84985478516114)"
              width={5}
              x={104.65014521483889}
              y={367.84985478516114}
            />
            <rect
              className="louver working"
              fillOpacity={0}
              height={50}
              onMouseOver={[Function]}
              transform="rotate(135 102.20039774653306 397.79960225346696)"
              width={5}
              x={99.70039774653306}
              y={372.79960225346696}
            />
            <rect
              className="louver working"
              fillOpacity={0}
              height={50}
              onMouseOver={[Function]}
              transform="rotate(135 97.25065027822723 402.74934972177283)"
              width={5}
              x={94.75065027822723}
              y={377.74934972177283}
            />
            <rect
              fill="blue"
              fillOpacity={0}
              height={50}
              onMouseOut={[Function]}
              onMouseOver={[Function]}
              transform="rotate(135 107.15014521483889 392.84985478516114)"
              width={19}
              x={104.65014521483889}
              y={367.84985478516114}
            />
          </g>
          <g
            className=""
          >
            <rect
              className="louver working"
              fillOpacity={0}
              height={50}
              onMouseOver={[Function]}
              transform="rotate(0 397.8571428571429 215)"
              width={5}
              x={395.3571428571429}
              y={190}
            />
            <rect
              className="louver working"
              fillOpacity={0}
              height={50}
              onMouseOver={[Function]}
              transform="rotate(0 404.8571428571429 215)"
              width={5}
              x={402.3571428571429}
              y={190}
            />
            <rect
              fill="blue"
              fillOpacity={0}
              height={50}
              onMouseOut={[Function]}
              onMouseOver={[Function]}
              transform="rotate(0 397.8571428571429 215)"
              width={12}
              x={395.3571428571429}
              y={190}
            />
          </g>
          <g
            className=""
          >
            <rect
              className="louver working"
              fillOpacity={0}
              height={50}
              onMouseOver={[Function]}
              transform="rotate(0 415.7142857142857 215)"
              width={5}
              x={413.2142857142857}
              y={190}
            />
            <rect
              className="louver working"
              fillOpacity={0}
              height={50}
              onMouseOver={[Function]}
              transform="rotate(0 422.7142857142857 215)"
              width={5}
              x={420.2142857142857}
              y={190}
            />
            <rect
              fill="blue"
              fillOpacity={0}
              height={50}
              onMouseOut={[Function]}
              onMouseOver={[Function]}
              transform="rotate(0 415.7142857142857 215)"
              width={12}
              x={413.2142857142857}
              y={190}
            />
          </g>
          <g
            className=""
          >
            <rect
              className="louver working"
              fillOpacity={0}
              height={50}
              onMouseOver={[Function]}
              transform="rotate(0 432.53968253968253 215)"
              width={5}
              x={430.03968253968253}
              y={190}
            />
            <rect
              className="louver working"
              fillOpacity={0}
              height={50}
              onMouseOver={[Function]}
              transform="rotate(0 439.53968253968253 215)"
              width={5}
              x={437.03968253968253}
              y={190}
            />
            <rect
              className="louver working"
              fillOpacity={0}
              height={50}
              onMouseOver={[Function]}
              transform="rotate(0 446.53968253968253 215)"
              width={5}
              x={444.03968253968253}
              y={190}
            />
            <rect
              fill="blue"
              fillOpacity={0}
              height={50}
              onMouseOut={[Function]}
              onMouseOver={[Function]}
              transform="rotate(0 432.53968253968253 215)"
              width={19}
              x={430.03968253968253}
              y={190}
            />
          </g>
          <g
            className=""
          >
            <rect
              className="louver working"
              fillOpacity={0}
              height={50}
              onMouseOver={[Function]}
              transform="rotate(0 397.8571428571429 285)"
              width={5}
              x={395.3571428571429}
              y={260}
            />
            <rect
              className="louver working"
              fillOpacity={0}
              height={50}
              onMouseOver={[Function]}
              transform="rotate(0 404.8571428571429 285)"
              width={5}
              x={402.3571428571429}
              y={260}
            />
            <rect
              fill="blue"
              fillOpacity={0}
              height={50}
              onMouseOut={[Function]}
              onMouseOver={[Function]}
              transform="rotate(0 397.8571428571429 285)"
              width={12}
              x={395.3571428571429}
              y={260}
            />
          </g>
          <g
            className=""
          >
            <rect
              className="louver working"
              fillOpacity={0}
              height={50}
              onMouseOver={[Function]}
              transform="rotate(0 415.7142857142857 285)"
              width={5}
              x={413.2142857142857}
              y={260}
            />
            <rect
              className="louver working"
              fillOpacity={0}
              height={50}
              onMouseOver={[Function]}
              transform="rotate(0 422.7142857142857 285)"
              width={5}
              x={420.2142857142857}
              y={260}
            />
            <rect
              fill="blue"
              fillOpacity={0}
              height={50}
              onMouseOut={[Function]}
              onMouseOver={[Function]}
              transform="rotate(0 415.7142857142857 285)"
              width={12}
              x={413.2142857142857}
              y={260}
            />
          </g>
          <g
            className=""
          >
            <rect
              className="louver working"
              fillOpacity={0}
              height={50}
              onMouseOver={[Function]}
              transform="rotate(0 432.53968253968253 285)"
              width={5}
              x={430.03968253968253}
              y={260}
            />
            <rect
              className="louver working"
              fillOpacity={0}
              height={50}
              onMouseOver={[Function]}
              transform="rotate(0 439.53968253968253 285)"
              width={5}
              x={437.03968253968253}
              y={260}
            />
            <rect
              className="louver working"
              fillOpacity={0}
              height={50}
              onMouseOver={[Function]}
              transform="rotate(0 446.53968253968253 285)"
              width={5}
              x={444.03968253968253}
              y={260}
            />
            <rect
              fill="blue"
              fillOpacity={0}
              height={50}
              onMouseOut={[Function]}
              onMouseOver={[Function]}
              transform="rotate(0 432.53968253968253 285)"
              width={19}
              x={430.03968253968253}
              y={260}
            />
          </g>
          <text
            id="louver-aperture-text"
            x={40}
            y={40}
          >
            
          </text>
        </svg>
      </div>
    </div>
    <div
      className="col-4 dome-perspectives-info"
    >
      <div>
        Shutters status: 
        <span
          className="status-circle-open"
        >
           
        </span>
        <span
          className="dome-data"
        >
          Open
        </span>
      </div>
      <div>
        Aperture: 
        <span
          className="dome-data"
        >
          10
           m 
        </span>
      </div>
      <div>
        Top windscreen position: 
        <span
          className="dome-data"
        >
          3.5
           
        </span>
      </div>
      <div>
        Bottom windscreen position: 
        <span
          className="dome-data"
        >
          20
           
        </span>
      </div>
    </div>
  </div>
</div>
`;

exports[`DomePerspectives test renders correctly with shallow 1`] = `
<div
  className="dome-perspectives-container"
>
  <div
    className="row"
  >
    <div
      className="col-6"
    >
      <h5>
        Front
      </h5>
      <FrontView
        bottomWindScreenPos={20}
        height={300}
        id="shutters"
        scale={1.4}
        shuttersAperture={10}
        topWindScreenPos={3.5}
        updateShuttersAperture={10}
        width={500}
        xOffset={0}
        yOffset={-0}
      />
    </div>
    <div
      className="col-6"
    >
      <h5>
        Side
      </h5>
      <SideView
        bottomWindScreenPos={20}
        height={300}
        id="shutters"
        scale={1.4}
        shuttersAperture={10}
        topWindScreenPos={3.5}
        updateShuttersAperture={10}
        width={500}
        xOffset={0}
        yOffset={-0}
      />
                          
    </div>
  </div>
  <div
    className="row dome-perspectives-bottom"
  >
    <div
      className="col-8"
    >
      <h5>
        Top
      </h5>
      <Louvers
        height={500}
        id="louvers"
        scale={1.4}
        width={500}
        xOffset={-0.05}
        yOffset={0.15}
      />
    </div>
    <div
      className="col-4 dome-perspectives-info"
    >
      <div>
        Shutters status: 
        <span
          className="status-circle-open"
        >
           
        </span>
        <span
          className="dome-data"
        >
          Open
        </span>
      </div>
      <div>
        Aperture: 
        <span
          className="dome-data"
        >
          10
           m 
        </span>
      </div>
      <div>
        Top windscreen position: 
        <span
          className="dome-data"
        >
          3.5
           
        </span>
      </div>
      <div>
        Bottom windscreen position: 
        <span
          className="dome-data"
        >
          20
           
        </span>
      </div>
    </div>
  </div>
</div>
`;
