// Jest Snapshot v1, https://goo.gl/fbAQLP

exports[`DomePerspectives test renders with new shallow 1`] = `
<div
  className="dome-perspectives-container"
>
  <div
    className="row"
  >
    <div
      className="col-6"
    >
      <h5>
        Front
      </h5>
      <FrontView
        bottomWindScreenPos={20}
        height={300}
        id="shutters"
        scale={1.4}
        shuttersAperture={10}
        topWindScreenPos={3.5}
        updateShuttersAperture={10}
        width={500}
        xOffset={0}
        yOffset={-0}
      />
    </div>
    <div
      className="col-6"
    >
      <h5>
        Side
      </h5>
      <SideView
        bottomWindScreenPos={20}
        height={300}
        id="shutters"
        scale={1.4}
        shuttersAperture={10}
        topWindScreenPos={3.5}
        updateShuttersAperture={10}
        width={500}
        xOffset={0}
        yOffset={-0}
      />
                          
    </div>
  </div>
  <div
    className="row dome-perspectives-bottom"
  >
    <div
      className="col-8"
    >
      <h5>
        Top
      </h5>
      <Louvers
        height={500}
        id="louvers"
        scale={1.4}
        width={500}
        xOffset={-0.05}
        yOffset={0.15}
      />
    </div>
    <div
      className="col-4 dome-perspectives-info"
    >
      <div>
        Shutters status: 
        <span
          className="status-circle-open"
        >
           
        </span>
        <span
          className="dome-data"
        >
          Open
        </span>
      </div>
      <div>
        Aperture: 
        <span
          className="dome-data"
        >
          10
           m 
        </span>
      </div>
      <div>
        Top windscreen position: 
        <span
          className="dome-data"
        >
          3.5
           
        </span>
      </div>
      <div>
        Bottom windscreen position: 
        <span
          className="dome-data"
        >
          20
           
        </span>
      </div>
    </div>
  </div>
</div>
`;

exports[`DomePerspectives test renders with shallow 1`] = `
<div
  className="dome-perspectives-container"
>
  <div
    className="row"
  >
    <div
      className="col-6"
    >
      <h5>
        Front
      </h5>
      <FrontView
        bottomWindScreenPos={20}
        height={300}
        id="shutters"
        scale={1.4}
        shuttersAperture={10}
        topWindScreenPos={3.5}
        updateShuttersAperture={10}
        width={500}
        xOffset={0}
        yOffset={-0}
      />
    </div>
    <div
      className="col-6"
    >
      <h5>
        Side
      </h5>
      <SideView
        bottomWindScreenPos={20}
        height={300}
        id="shutters"
        scale={1.4}
        shuttersAperture={10}
        topWindScreenPos={3.5}
        updateShuttersAperture={10}
        width={500}
        xOffset={0}
        yOffset={-0}
      />
                          
    </div>
  </div>
  <div
    className="row dome-perspectives-bottom"
  >
    <div
      className="col-8"
    >
      <h5>
        Top
      </h5>
      <Louvers
        height={500}
        id="louvers"
        scale={1.4}
        width={500}
        xOffset={-0.05}
        yOffset={0.15}
      />
    </div>
    <div
      className="col-4 dome-perspectives-info"
    >
      <div>
        Shutters status: 
        <span
          className="status-circle-open"
        >
           
        </span>
        <span
          className="dome-data"
        >
          Open
        </span>
      </div>
      <div>
        Aperture: 
        <span
          className="dome-data"
        >
          10
           m 
        </span>
      </div>
      <div>
        Top windscreen position: 
        <span
          className="dome-data"
        >
          3.5
           
        </span>
      </div>
      <div>
        Bottom windscreen position: 
        <span
          className="dome-data"
        >
          20
           
        </span>
      </div>
    </div>
  </div>
</div>
`;
