// Jest Snapshot v1, https://goo.gl/fbAQLP

exports[`CableWraps_Test renders correctly with shallow 1`] = `
<div
  className="cable-wraps-container"
>
  <DraggableTitle
    title="Cable Wraps"
  />
  <div
    className="container pull-left"
  >
    <div
      className="row"
    >
      <div
        className="cam-cable col-md-6"
      >
        <h4>
          Camera Cable Wrap
        </h4>
        <CameraCableWrap
          arcTween={[Function]}
          cable_wrap={null}
          drawBackground={[Function]}
          drawLimits={[Function]}
          height={300}
          width={400}
        />
      </div>
      <div
        className="az-cable col-md-6"
      >
        <h4>
          Azimuth Cable Wrap
        </h4>
        <AZCableWrap
          arcTween={[Function]}
          cable_wrap={null}
          drawBackground={[Function]}
          drawLimits={[Function]}
          height={300}
          width={400}
        />
      </div>
    </div>
  </div>
</div>
`;
